Missing ".ends" statement in file "BZT52C5V1.cir"
Circuit: * C:\Users\Usuario\Desktop\Practica LT\Circuito Proteccion 7V.asc

Direct Newton iteration failed to find .op point.  (Use ".option noopiter" to skip.)
Starting Gmin stepping
Gmin = 10
Gmin = 1.07374
Gmin = 0.115292
Gmin = 0.0123794
Gmin = 0.00132923
Gmin = 0.000142725
Gmin = 1.5325e-005
Gmin = 1.6455e-006
Gmin = 1.76685e-007
Gmin = 1.89714e-008
Gmin = 2.03704e-009
Gmin = 2.18725e-010
Gmin = 2.34854e-011
Gmin = 2.52173e-012
Gmin = 2.70769e-013
Gmin = 0
Gmin stepping succeeded in finding the operating point.


Date: Tue Feb 10 15:15:22 2026
Total elapsed time: 0.470 seconds.

tnom = 27
temp = 27
method = trap
totiter = 496
traniter = 0
tranpoints = 0
accept = 0
rejected = 0
matrix size = 36
fillins = 9
solver = Normal
Matrix Compiler1:     133 opcodes  4.0/2.3/[1.5]
Matrix Compiler2: 3.01 KB object code size  1.7/2.5/[1.4]

